I'm sorry, but errors were detected in your script. Please correct the
errors listed below, and try again.


File "game/script.rpy", line 73: expected statement.
    n.gender = "m"
             ^

File "game/script.rpy", line 76: expected statement.
    n.gender = "f"
             ^

File "game/script.rpy", line 79: expected statement.
    n.gender = "n"
             ^

Ren'Py Version: Ren'Py 6.99.13.2919
